[    1403ms] [VERBOSE] [DOM] Input elements should have autocomplete attributes (suggested: "current-password"): (More info: https://goo.gl/9p2vKq) %o @ http://localhost:4005/login:0
[    1493ms] [INFO] %cDownload the React DevTools for a better development experience: https://react.dev/link/react-devtools font-weight:bold @ http://localhost:4005/_next/static/chunks/node_modules_next_dist_compiled_react-dom_1f56dc06._.js:14475
[    1788ms] [LOG] [Fast Refresh] rebuilding @ http://localhost:4005/_next/static/chunks/node_modules_next_dist_client_20b209c9._.js:5693
[    1789ms] [VERBOSE] [DOM] Input elements should have autocomplete attributes (suggested: "current-password"): (More info: https://goo.gl/9p2vKq) %o @ http://localhost:4005/login:0
[    1944ms] [LOG] [Fast Refresh] done in 267ms @ http://localhost:4005/_next/static/chunks/node_modules_next_dist_client_20b209c9._.js:5557
[   16618ms] [ERROR] Failed to load resource: net::ERR_CONNECTION_REFUSED @ http://localhost:3001/auth/login:0
[   19966ms] [ERROR] Failed to load resource: net::ERR_CONNECTION_REFUSED @ http://localhost:3001/auth/login:0
[   23785ms] [ERROR] Failed to load resource: net::ERR_CONNECTION_REFUSED @ http://localhost:3001/auth/login:0
[   24052ms] [ERROR] Failed to load resource: net::ERR_CONNECTION_REFUSED @ http://localhost:3001/auth/login:0
[   27154ms] [ERROR] Failed to load resource: net::ERR_CONNECTION_REFUSED @ http://localhost:3001/auth/login:0
[   30401ms] [ERROR] Failed to load resource: net::ERR_CONNECTION_REFUSED @ http://localhost:3001/auth/login:0
[   30417ms] AxiosError: Network Error
    at XMLHttpRequest.handleError (http://localhost:4005/_next/static/chunks/node_modules_axios_lib_99999129._.js:2581:25)
    at Axios.request (http://localhost:4005/_next/static/chunks/node_modules_axios_lib_99999129._.js:3332:49)
    at async useAuth.useCallback[login] (http://localhost:4005/_next/static/chunks/src_10dd5aa8._.js:765:34)
[   30692ms] [ERROR] Failed to load resource: net::ERR_CONNECTION_REFUSED @ http://localhost:3001/auth/login:0
[   37073ms] [ERROR] Failed to load resource: net::ERR_CONNECTION_REFUSED @ http://localhost:3001/auth/login:0
[   37081ms] AxiosError: Network Error
    at XMLHttpRequest.handleError (http://localhost:4005/_next/static/chunks/node_modules_axios_lib_99999129._.js:2581:25)
    at Axios.request (http://localhost:4005/_next/static/chunks/node_modules_axios_lib_99999129._.js:3332:49)
    at async useAuth.useCallback[login] (http://localhost:4005/_next/static/chunks/src_10dd5aa8._.js:765:34)
[   92742ms] [LOG] [Fast Refresh] rebuilding @ http://localhost:4005/_next/static/chunks/node_modules_next_dist_client_20b209c9._.js:5693
[   92746ms] [ERROR] Failed to rehydrate auth store: ReferenceError: Cannot access 'useAuthStore' before initialization
    at eval (http://localhost:4005/_next/static/chunks/src_10dd5aa8._.js?id=%255Bproject%255D%252Fsrc%252Fstore%252Fauth%252FauthStore.ts+%255Bapp-client%255D+%2528ecmascript%2529:122:21)
    at http://localhost:4005/_next/static/chunks/node_modules_3f8626ee._.js:2268:60
    at http://localhost:4005/_next/static/chunks/node_modules_3f8626ee._.js:2144:28
    at Object.then (http://localhost:4005/_next/static/chunks/node_modules_3f8626ee._.js:2150:51)
    at hydrate (http://localhost:4005/_next/static/chunks/node_modules_3f8626ee._.js:2264:16)
    at http://localhost:4005/_next/static/chunks/node_modules_3f8626ee._.js:2309:13
    at createStoreImpl (http://localhost:4005/_next/static/chunks/node_modules_3f8626ee._.js:1773:34)
    at createStore (http://localhost:4005/_next/static/chunks/node_modules_3f8626ee._.js:1776:50)
    at createImpl (http://localhost:4005/_next/static/chunks/node_modules_3f8626ee._.js:1808:178)
    at eval (http://localhost:4005/_next/static/chunks/src_10dd5aa8._.js?id=%255Bproject%255D%252Fsrc%252Fstore%252Fauth%252FauthStore.ts+%255Bapp-client%255D+%2528ecmascript%2529:61:178)
    at http://localhost:4005/_next/static/chunks/_01f48b92._.js:766:13
    at runModuleExecutionHooks (http://localhost:4005/_next/static/chunks/_01f48b92._.js:811:13)
    at instantiateModule (http://localhost:4005/_next/static/chunks/_01f48b92._.js:764:9)
    at getOrInstantiateModuleFromParent (http://localhost:4005/_next/static/chunks/_01f48b92._.js:696:12)
    at esmImport (http://localhost:4005/_next/static/chunks/_01f48b92._.js:173:20)
    at [project]/src/app/(auth)/login/page.tsx [app-client] (ecmascript) (http://localhost:4005/_next/static/chunks/src_10dd5aa8._.js:1078:162)
    at http://localhost:4005/_next/static/chunks/_01f48b92._.js:766:13
    at runModuleExecutionHooks (http://localhost:4005/_next/static/chunks/_01f48b92._.js:811:13)
    at instantiateModule (http://localhost:4005/_next/static/chunks/_01f48b92._.js:764:9)
    at applyPhase (http://localhost:4005/_next/static/chunks/_01f48b92._.js:1037:13)
    at applyInternal (http://localhost:4005/_next/static/chunks/_01f48b92._.js:1128:5)
    at applyEcmascriptMergedUpdate (http://localhost:4005/_next/static/chunks/_01f48b92._.js:1108:5)
    at applyChunkListUpdate (http://localhost:4005/_next/static/chunks/_01f48b92._.js:1072:21)
    at applyUpdate (http://localhost:4005/_next/static/chunks/_01f48b92._.js:1061:13)
    at handleApply (http://localhost:4005/_next/static/chunks/_01f48b92._.js:1283:17)
    at triggerUpdate (http://localhost:4005/_next/static/chunks/%5Bturbopack%5D_browser_dev_hmr-client_hmr-client_ts_61dcf9ba._.js:459:9)
    at applyAggregatedUpdates (http://localhost:4005/_next/static/chunks/%5Bturbopack%5D_browser_dev_hmr-client_hmr-client_ts_61dcf9ba._.js:98:9)
    at http://localhost:4005/_next/static/chunks/%5Bturbopack%5D_browser_dev_hmr-client_hmr-client_ts_61dcf9ba._.js:31:21
    at http://localhost:4005/_next/static/chunks/node_modules_next_dist_client_20b209c9._.js:5471:13
    at processMessage (http://localhost:4005/_next/static/chunks/node_modules_next_dist_client_20b209c9._.js:6022:17)
    at WebSocket.handler (http://localhost:4005/_next/static/chunks/node_modules_next_dist_client_20b209c9._.js:6154:17) @ http://localhost:4005/_next/static/chunks/node_modules_next_dist_445d8acf._.js:2248
[   92805ms] [LOG] [Fast Refresh] done in 107ms @ http://localhost:4005/_next/static/chunks/node_modules_next_dist_client_20b209c9._.js:5557
[  123460ms] [ERROR] Failed to load resource: net::ERR_CONNECTION_REFUSED @ http://localhost:3001/auth/login:0
[  126787ms] [ERROR] Failed to load resource: net::ERR_CONNECTION_REFUSED @ http://localhost:3001/auth/login:0
[  129307ms] [LOG] [Fast Refresh] rebuilding @ http://localhost:4005/_next/static/chunks/node_modules_next_dist_client_20b209c9._.js:5693
[  129327ms] [ERROR] Failed to rehydrate auth store: ReferenceError: Cannot access 'useAuthStore' before initialization
    at eval (http://localhost:4005/_next/static/chunks/src_10dd5aa8._.js?id=%255Bproject%255D%252Fsrc%252Fstore%252Fauth%252FauthStore.ts+%255Bapp-client%255D+%2528ecmascript%2529:126:17)
    at http://localhost:4005/_next/static/chunks/node_modules_3f8626ee._.js:2268:60
    at http://localhost:4005/_next/static/chunks/node_modules_3f8626ee._.js:2144:28
    at Object.then (http://localhost:4005/_next/static/chunks/node_modules_3f8626ee._.js:2150:51)
    at hydrate (http://localhost:4005/_next/static/chunks/node_modules_3f8626ee._.js:2264:16)
    at http://localhost:4005/_next/static/chunks/node_modules_3f8626ee._.js:2309:13
    at createStoreImpl (http://localhost:4005/_next/static/chunks/node_modules_3f8626ee._.js:1773:34)
    at createStore (http://localhost:4005/_next/static/chunks/node_modules_3f8626ee._.js:1776:50)
    at createImpl (http://localhost:4005/_next/static/chunks/node_modules_3f8626ee._.js:1808:178)
    at eval (http://localhost:4005/_next/static/chunks/src_10dd5aa8._.js?id=%255Bproject%255D%252Fsrc%252Fstore%252Fauth%252FauthStore.ts+%255Bapp-client%255D+%2528ecmascript%2529:61:178)
    at http://localhost:4005/_next/static/chunks/_01f48b92._.js:766:13
    at runModuleExecutionHooks (http://localhost:4005/_next/static/chunks/_01f48b92._.js:811:13)
    at instantiateModule (http://localhost:4005/_next/static/chunks/_01f48b92._.js:764:9)
    at getOrInstantiateModuleFromParent (http://localhost:4005/_next/static/chunks/_01f48b92._.js:696:12)
    at esmImport (http://localhost:4005/_next/static/chunks/_01f48b92._.js:173:20)
    at [project]/src/app/(auth)/login/page.tsx [app-client] (ecmascript) (http://localhost:4005/_next/static/chunks/src_10dd5aa8._.js:1078:162)
    at http://localhost:4005/_next/static/chunks/_01f48b92._.js:766:13
    at runModuleExecutionHooks (http://localhost:4005/_next/static/chunks/_01f48b92._.js:811:13)
    at instantiateModule (http://localhost:4005/_next/static/chunks/_01f48b92._.js:764:9)
    at applyPhase (http://localhost:4005/_next/static/chunks/_01f48b92._.js:1037:13)
    at applyInternal (http://localhost:4005/_next/static/chunks/_01f48b92._.js:1128:5)
    at applyEcmascriptMergedUpdate (http://localhost:4005/_next/static/chunks/_01f48b92._.js:1108:5)
    at applyChunkListUpdate (http://localhost:4005/_next/static/chunks/_01f48b92._.js:1072:21)
    at applyUpdate (http://localhost:4005/_next/static/chunks/_01f48b92._.js:1061:13)
    at handleApply (http://localhost:4005/_next/static/chunks/_01f48b92._.js:1283:17)
    at triggerUpdate (http://localhost:4005/_next/static/chunks/%5Bturbopack%5D_browser_dev_hmr-client_hmr-client_ts_61dcf9ba._.js:459:9)
    at applyAggregatedUpdates (http://localhost:4005/_next/static/chunks/%5Bturbopack%5D_browser_dev_hmr-client_hmr-client_ts_61dcf9ba._.js:98:9)
    at http://localhost:4005/_next/static/chunks/%5Bturbopack%5D_browser_dev_hmr-client_hmr-client_ts_61dcf9ba._.js:31:21
    at http://localhost:4005/_next/static/chunks/node_modules_next_dist_client_20b209c9._.js:5471:13
    at processMessage (http://localhost:4005/_next/static/chunks/node_modules_next_dist_client_20b209c9._.js:6022:17)
    at WebSocket.handler (http://localhost:4005/_next/static/chunks/node_modules_next_dist_client_20b209c9._.js:6154:17) @ http://localhost:4005/_next/static/chunks/node_modules_next_dist_445d8acf._.js:2248
[  129390ms] [LOG] [Fast Refresh] done in 123ms @ http://localhost:4005/_next/static/chunks/node_modules_next_dist_client_20b209c9._.js:5557
[  131152ms] [ERROR] Failed to load resource: net::ERR_CONNECTION_REFUSED @ http://localhost:3001/auth/login:0
[  137514ms] [ERROR] Failed to load resource: net::ERR_CONNECTION_REFUSED @ http://localhost:3001/auth/login:0
[  137521ms] AxiosError: Network Error
    at XMLHttpRequest.handleError (http://localhost:4005/_next/static/chunks/node_modules_axios_lib_99999129._.js:2581:25)
    at Axios.request (http://localhost:4005/_next/static/chunks/node_modules_axios_lib_99999129._.js:3332:49)
    at async useAuth.useCallback[login] (http://localhost:4005/_next/static/chunks/src_10dd5aa8._.js:765:34)
[  197869ms] [LOG] [Fast Refresh] rebuilding @ http://localhost:4005/_next/static/chunks/node_modules_next_dist_client_20b209c9._.js:5693
[  198035ms] [LOG] [Fast Refresh] done in 268ms @ http://localhost:4005/_next/static/chunks/node_modules_next_dist_client_20b209c9._.js:5557
